<html>
<body>
<pre>
<h1>µVision Build Log</h1>
<h2>Tool Versions:</h2>
IDE-Version: ¦ÌVision V5.21.1.0
Copyright (C) 2016 ARM Ltd and ARM Germany GmbH. All rights reserved.
License Information: Ye Owen, HP Inc., LIC=585FJ-UPLDR-WF9I7-E34L9-CKLDN-N9BA7
 
Tool Versions:
Toolchain:       MDK-ARM Plus  Version: 5.21a
Toolchain Path:  C:\Keil_v5\ARM\ARMCC\Bin
C Compiler:      Armcc.exe V5.06 update 3 (build 300)
Assembler:       Armasm.exe V5.06 update 3 (build 300)
Linker/Locator:  ArmLink.exe V5.06 update 3 (build 300)
Library Manager: ArmAr.exe V5.06 update 3 (build 300)
Hex Converter:   FromElf.exe V5.06 update 3 (build 300)
CPU DLL:         SARMCM3.DLL V5.21a
Dialog DLL:      DARMSTM.DLL V1.66.0.1
Target DLL:      STLink\ST-LINKIII-KEIL_SWO.dll V2.0.18.0
Dialog DLL:      TARMSTM.DLL   V1.65.0.0
 
<h2>Project:</h2>
C:\Users\Owen\Desktop\stm32\ÎÂÊª¶È¼à²âÆ÷\USER\Template.uvprojx
Project File Date:  08/22/2020

<h2>Output:</h2>
*** Using Compiler 'V5.06 update 3 (build 300)', folder: 'C:\Keil_v5\ARM\ARMCC\Bin'
Build target 'Template'
compiling sr501.c...
compiling SMG.c...
compiling dht11.c...
compiling main.c...
main.c(82): warning:  #1-D: last line of file ends without a newline
   }
main.c(55): warning:  #177-D: variable "i" was declared but never referenced
  	  int i;
main.c(57): warning:  #550-D: variable "dampness" was set but never used
  	  float dampness=0;
main.c: 3 warnings, 0 errors
linking...
Program Size: Code=7450 RO-data=370 RW-data=56 ZI-data=1832  
FromELF: creating hex file...
"..\OBJ\Template.axf" - 0 Error(s), 3 Warning(s).

<h2>Collection of Component include folders:</h2>
  C:\Users\Owen\Desktop\stm32\ÎÂÊª¶È¼à²âÆ÷\USER\RTE
  C:\Keil_v5\ARM\PACK\Keil\STM32F1xx_DFP\2.2.0\Device\Include

<h2>Collection of Component Files used:</h2>
Build Time Elapsed:  00:00:05
</pre>
</body>
</html>
